The resolved value 'var' is being changed to '200'

