Python expression '3 + "a"' raised error TypeError: unsupported operand type(s) for +: 'int' and 'str'

