Template has interfering arguments 'A' and 'ABC'

