Multi macro cannot be expanded due to unprocessable argument: '`asdf`'

