The immutable resolved value 'OVERRIDE1' is being changed to '30'

