The script did not compile successfully due to unresolved values.

