Not enough remaining bytes in the last macro position for Macro 72

