Unknown command 'misspelled-command' cannot be programmed

