Meta template cannot be expanded due to fewer than 3 replacements in list: [11,22]

