Python expression 'os.someting.do()' raised error AttributeError: 'module' object has no attribute 'someting'

