No block of macros for fixed macro during final number assignment

