Python expression 'i++' raised error SyntaxError: unexpected EOF while parsing (<string>, line 1)

