Meta template cannot be expanded due to unprocessable argument: '`asdf`'

