Meta template cannot be expanded due to unresolved non-integer argument: asdf

