Template has interfering arguments 'ABC' and 'A'

