4:set:30
5:set:30
6:set:2
7:set:60
8:set:30
9:set:2
10:set:60

