10:set:app:1:drw:100,72:sch:31:run:4:run
72:set:flu
4:set:0,360:seq:100,5:sch
5:set:0,0,2:seq:sto:60:rcl:csh
6:set:2,0,1:seq
7:set:4,0,2:seq
8:set:6,0,3:seq
9:set:8,0,4:seq
11:set:10,0,5:seq
12:set:1:seq:1,-5,2:snw:pos:0:pal:ffd:flo:rst
13:set:3:seq:3,-5,4:snw:pos:1:pal:ffd:flo:rst
15:set:5:seq:5,-5,6:snw:pos:2:pal:ffd:flo:rst
17:set:7:seq:7,-5,8:snw:pos:3:pal:ffd:flo:rst
19:set:9:seq:9,-5,10:snw:pos:4:pal:ffd:flo:rst
21:set:1,15:sqs:2,75:sqs:50,12:sch:200,6:sch
23:set:3,15:sqs:4,75:sqs:45,13:sch:195,7:sch
25:set:5,15:sqs:6,75:sqs:40,15:sch:190,8:sch
27:set:7,15:sqs:8,75:sqs:35,17:sch:185,9:sch
29:set:9,15:sqs:10,75:sqs:30,19:sch:180,11:sch
31:set:21:run:23:run:25:run:27:run:29:run

