10:set:25:run:28:run:32:run
14:set:12,90,0:seq:20,18:sch
15:set:3:rng:psh:-1:psh:add:13,-1:seq:psh:add:90:psh:mod
16:set:11,-4,21:seq:pos:11,0,1:pal:ffd:rst
17:set:14,-4,30:seq:pos:14,0,1:pal:ffd:rst
18:set:12,-4,19:seq:pos:12,0,1:pal:ffd:rst
19:set:3:rng:psh:-1:psh:add:12,-1:seq:psh:add:90:psh:mod
20:set:13,90,0:seq:20,31:sch
21:set:3:rng:psh:-1:psh:add:11,-1:seq:psh:add:90:psh:mod
22:set:11,90,0:seq:20,16:sch
23:set:3:rng:psh:-1:psh:add:10,-1:seq:psh:add:90:psh:mod
24:set:10,-4,23:seq:pos:10,0,1:pal:ffd:rst
25:set:app:20:lev
26:set:15,-4,27:seq:pos:15,0,1:pal:ffd:rst
27:set:3:rng:psh:-1:psh:add:15,-1:seq:psh:add:90:psh:mod
28:set:50,50:sch
29:set:14,90,0:seq:20,17:sch
30:set:3:rng:psh:-1:psh:add:14,-1:seq:psh:add:90:psh:mod
31:set:13,-4,15:seq:pos:13,0,1:pal:ffd:rst
32:set:34:run:22:run:14:run:20:run:29:run:33:run
33:set:15,90,0:seq:20,26:sch
34:set:10,90,0:seq:20,24:sch
50:set:flu

