10:set:app:100,5:sch:1000,4:sch:7:run:1000,6:sch
4:set:0:pal:flo
5:set:flu
6:set:0,0,2:seq:sto:60:rcl:csh
7:set:0,360:seq:100,6:sch

