4:set:0:red:2:rpt
5:set:2:red:2:rpt
6:set:4:red:2:rpt
7:set:6:red:2:rpt
8:set:8:red:2:rpt
9:set:10:red:2:rpt

