10:set:22:run:23:run:26:run
11:set:2,-4,27:seq:pos:2,0,1:pal:ffd:rst
13:set:3:rng:psh:-1:psh:add:0,-1:seq:psh:add:45:psh:mod
15:set:mir:flu
16:set:0,-4,13:seq:pos:0,0,1:pal:ffd:rst
18:set:3:rng:psh:-1:psh:add:1,-1:seq:psh:add:45:psh:mod
20:set:2,90,0:seq:20,11:sch
21:set:1,90,0:seq:20,24:sch
22:set:app
23:set:50,15:sch
24:set:1,-4,18:seq:pos:1,0,1:pal:ffd:rst
26:set:29:run:21:run:20:run
27:set:3:rng:psh:-1:psh:add:2,-1:seq:psh:add:45:psh:mod
29:set:0,90,0:seq:20,16:sch

