4:set:blu:4:run:5:run:6:run
5:set:grn:5:run:6:run
6:set:red:6:run

