10:set:11:run
4:set:0:red
5:set:1:red
6:set:2:red
7:set:3:red
8:set:4:red
9:set:5:red
11:set:4:run:5:run:6:run:7:run:8:run:9:run

