10:set:app:6:run
72:set:flu
4:set:9,0,1:seq:psh:120:rcl:csh
5:set:9,360:seq:100,4:sch
6:set:1:drw:100,72:sch:7:run
7:set:18:run:20:run:22:run:5:run
8:set:2,0,1:seq
9:set:5,0,2:seq
11:set:8,0,3:seq
12:set:1,-4,15:snw:pos:0:pal:ffd:flo:rst
13:set:4,-4,16:snw:pos:1:pal:ffd:flo:rst
14:set:7,-4,17:snw:pos:2:pal:ffd:flo:rst
15:set:0:seq:psh:2,-1:seq:psh:add
16:set:3:seq:psh:5,-1:seq:psh:add
17:set:6:seq:psh:8,-1:seq:psh:add
18:set:0,15:sqs:1,90:sqs:2,75:sqs:50,12:sch:200,8:sch
20:set:3,15:sqs:4,90:sqs:5,75:sqs:45,13:sch:195,9:sch
22:set:6,15:sqs:7,90:sqs:8,75:sqs:40,14:sch:190,11:sch

