10:set:11:run:7:run
11:set:app:2,8000:cfg:150,72:sch
12:set:4:snw:pos:4:pal:sfd:flo:rst
13:set:5:snw:pos:5:pal:sfd:flo:rst
14:set:4,60,45:swc:154,12:sch
15:set:3,45,30:swc:153,22:sch
16:set:2,30,15:swc:152,6:sch
17:set:1,15,0:swc:151,20:sch
18:set:17:run:16:run:15:run:14:run:5:run:8:run
20:set:1:snw:pos:1:pal:sfd:flo:rst
21:set:0,360:seq:100,4:sch
22:set:3:snw:pos:3:pal:sfd:flo:rst
4:set:0,0,2:seq:sto:60:rcl:csh
5:set:5,75,60:swc:155,13:sch
6:set:2:snw:pos:2:pal:sfd:flo:rst
7:set:18:run:21:run
72:set:flu
8:set:6,90,75:swc:156,9:sch
9:set:6:snw:pos:6:pal:sfd:flo:rst

