line !:line @:line #:line a:line b:line c:line 1:line 2:line 3

