10:set:app:0:drw:2,8000:cfg:20:run:12:run:150,72:sch
72:set:flu
4:set:1,15:swc:151,14:sch
5:set:2,30,15:swc:152,15:sch
6:set:3,45,30:swc:153,16:sch
7:set:4,60,45:swc:154,17:sch
8:set:5,75,60:swc:155,18:sch
9:set:6,90,75:swc:156,19:sch
12:set:4:run:5:run:6:run:7:run:8:run:9:run
14:set:1:snw:pos:1:pal:sfd:flo:rst
15:set:2:snw:pos:2:pal:sfd:flo:rst
16:set:3:snw:pos:3:pal:sfd:flo:rst
17:set:4:snw:pos:4:pal:sfd:flo:rst
18:set:5:snw:pos:5:pal:sfd:flo:rst
19:set:6:snw:pos:6:pal:sfd:flo:rst
20:set:0,360:seq:100,21:sch
21:set:0,0,2:seq:sto:60:rcl:csh

