10:set:15:run
11:set:9:run
12:set:14:run
13:set:8:run
4:set:neo:47:rep
5:set:red:47:rep
6:set:tun:47:rep
7:set:wht:47:rep
8:set:16:run:4:run
9:set:17:run:5:run
14:set:18:run:6:run
15:set:19:run:7:run
16:set:neo:dim:dim:dim:7:rep
17:set:red:dim:dim:dim:7:rep
18:set:sod:dim:dim:dim:7:rep
19:set:red:dim:dim:dim:7:rep

