10:set:5:run:21:run
4:set:0,0,2:seq:sto:60:rcl:csh
5:set:app:2,8000:cfg
6:set:1:snw:pos:1:pal:sfd:flo:rst:flu
7:set:2:snw:pos:2:pal:sfd:flo:rst
8:set:3:snw:pos:3:pal:sfd:flo:rst
9:set:4:snw:pos:4:pal:sfd:flo:rst
11:set:5:snw:pos:5:pal:sfd:flo:rst
12:set:6:snw:pos:6:pal:sfd:flo:rst
13:set:150,6:sch:151,7:sch:152,8:sch:15:run
15:set:153,9:sch:154,11:sch:155,12:sch
17:set:1,15:sws:2,30,15:sws:3,45,30:sws:19:run
19:set:4,60,45:sws:5,75,60:sws:6,90,75:sws
21:set:22:run:17:run:13:run
22:set:0,360:seq:100,4:sch

