10:set:11:run
4:set:0:red
5:set:1:red
6:set:2:red
7:set:3:red
8:set:4:red
9:set:5:red
11:set:20,4:sch:26,5:sch:32,6:sch:38,7:sch:44,8:sch:50,9:sch

